{
  "aio": {
    "master": {
      "uncompressed": {
        "runtime-es2015": 4619,
        "main-es2015": 453855,
        "polyfills-es2015": 55210
      }
    }
  },
  "aio-local": {
    "master": {
      "uncompressed": {
        "runtime-es2015": 4619,
        "main-es2015": 453981,
        "polyfills-es2015": 55291
      }
    }
  }
}
